files/13.csv
id,week,center_id,meal_id,checkout_price,base_price,emailer_for_promotion,homepage_featured,num_orders
1269641,1,13,1207,307.49,382.24,0,0,366
1112647,2,13,1207,320.1,381.24,0,0,420
1473684,3,13,1207,316.25,382.24,1,0,351
1091435,4,13,1207,317.19,382.24,0,1,258
1348605,5,13,1207,377.36,378.36,0,0,175
1116389,6,13,1207,385.15,385.15,0,0,217
1271856,7,13,1207,389,388,0,0,121
1397879,8,13,1207,371.51,371.51,0,0,176
1366376,9,13,1207,343.41,343.41,0,0,107
1218883,10,13,1207,390,389,0,0,69
1458248,11,13,1207,383.15,384.15,0,0,108
1072640,12,13,1207,380.3,378.3,0,0,162
1128720,13,13,1207,380.27,380.27,0,0,123
1014482,14,13,1207,322.04,381.27,1,0,311
1358797,15,13,1207,325.98,379.27,0,1,215
1278847,16,13,1207,316.22,381.27,0,1,418
1403922,17,13,1207,318.22,381.27,1,0,230
1079990,18,13,1207,318.22,379.27,1,1,230
1276654,19,13,1207,397.73,397.73,0,0,175
1433547,20,13,1207,386.12,384.12,0,0,136
1101812,21,13,1207,390,390,0,0,81
1450799,22,13,1207,374.48,374.48,0,0,135
1405200,23,13,1207,383.21,382.21,0,0,148
1222987,24,13,1207,376.39,377.39,0,0,163
1203234,25,13,1207,375.45,374.45,0,0,176
1186941,26,13,1207,381.27,379.27,0,0,163
1228532,27,13,1207,387.09,386.09,0,0,161
1348385,28,13,1207,390,389,0,0,107
1050889,29,13,1207,388,390,0,0,95
1231558,30,13,1207,384.12,384.12,0,0,134
1249750,31,13,1207,385.15,385.15,0,0,108
1407282,32,13,1207,383.18,382.18,0,0,175
1462815,33,13,1207,323.98,382.18,1,0,284
1200371,34,13,1207,325.95,383.18,0,0,350
1457261,35,13,1207,475.33,475.33,0,0,81
1483978,36,13,1207,474.33,474.33,0,0,96
1221118,37,13,1207,307.55,474.33,0,0,27
1216583,38,13,1207,456.93,454.93,0,0,67
1469778,40,13,1207,459.81,459.81,0,0,42
1425744,41,13,1207,428.8,428.8,0,0,54
1304651,42,13,1207,464.69,464.69,0,0,109
1009669,43,13,1207,476.33,476.33,0,0,108
1176940,44,13,1207,431.71,431.71,0,0,188
1427079,45,13,1207,476.33,474.33,0,0,42
1441909,46,13,1207,475.33,476.33,0,0,42
1117886,47,13,1207,459.81,459.81,0,0,42
1135760,48,13,1207,458.87,458.87,0,0,107
1147754,49,13,1207,288.12,456.87,1,0,123
1448115,50,13,1207,288.12,457.87,0,0,258
1087854,51,13,1207,272.63,457.87,1,0,296
1068611,52,13,1207,281.3,457.87,1,1,337
1355120,53,13,1207,290.09,457.87,0,0,364
1197353,54,13,1207,291.06,457.87,0,0,365
1192272,55,13,1207,474.33,474.33,0,0,96
1114783,56,13,1207,458.81,458.81,0,0,81
1406685,57,13,1207,466.63,465.63,0,0,136
1285916,58,13,1207,418.13,464.63,0,0,68
1404672,59,13,1207,454.02,453.02,0,0,96
1352201,60,13,1207,472.39,472.39,0,0,81
1428742,61,13,1207,436.5,437.5,0,0,67
1126415,62,13,1207,418.13,418.13,0,0,14
1338734,63,13,1207,451.11,450.11,0,0,28
1142369,64,13,1207,452.05,452.05,0,0,96
1091883,65,13,1207,336.65,451.05,0,1,258
1209549,66,13,1207,342.47,453.05,0,0,134
1157259,67,13,1207,361.84,452.05,0,1,231
1434794,68,13,1207,440.38,440.38,0,0,54
1360253,69,13,1207,407.46,407.46,0,0,108
1069387,70,13,1207,447.23,446.23,0,0,68
1085085,71,13,1207,403.58,403.58,0,0,42
1088381,72,13,1207,449.11,451.11,0,0,40
1403965,73,13,1207,403.58,450.11,0,0,42
1236075,74,13,1207,446.2,446.2,0,0,67
1399054,75,13,1207,465.63,465.63,0,0,41
1215164,76,13,1207,434.62,433.62,0,0,40
1419837,77,13,1207,465.63,466.63,0,0,15
1311767,78,13,1207,454.93,454.93,0,0,67
1413851,79,13,1207,453.99,452.99,0,0,53
1021633,80,13,1207,377.33,454.99,0,0,148
1414405,81,13,1207,375.42,452.99,0,0,135
1337703,82,13,1207,388,454.99,0,0,53
1183736,83,13,1207,376.39,453.99,0,0,82
1320013,84,13,1207,370.6,452.99,0,0,42
1100824,85,13,1207,331.8,452.99,0,0,14
1256491,86,13,1207,360.9,360.9,0,0,134
1159553,87,13,1207,368.6,370.6,0,0,150
1388652,88,13,1207,381.21,383.21,0,0,109
1005241,89,13,1207,380.3,380.3,0,0,82
1005486,90,13,1207,368.6,368.6,0,0,54
1485025,91,13,1207,323.98,370.6,0,0,150
1459808,92,13,1207,315.31,370.6,0,0,204
1314344,93,13,1207,304.64,370.6,0,0,122
1396471,94,13,1207,307.49,369.6,0,0,177
1321041,95,13,1207,321.07,369.6,0,0,175
1292529,96,13,1207,323.04,368.6,0,0,243
1254061,97,13,1207,311.43,309.43,0,0,188
1489314,98,13,1207,319.19,317.19,0,0,148
1419315,99,13,1207,321.07,322.07,0,0,188
1122801,100,13,1207,319.13,321.13,0,0,189
1491147,101,13,1207,314.31,320.13,1,0,176
1493626,102,13,1207,316.22,317.22,0,0,297
1150852,103,13,1207,324.98,325.98,0,0,150
1397849,104,13,1207,325.98,324.98,0,1,108
1066450,105,13,1207,319.13,325.98,0,1,350
1036607,106,13,1207,486.03,486.03,0,0,69
1119739,107,13,1207,494.73,494.73,0,0,42
1223055,108,13,1207,503.49,502.49,0,0,55
1111371,109,13,1207,507.34,506.34,0,0,108
1493617,110,13,1207,316.28,508.34,0,0,296
1142437,111,13,1207,305.55,507.34,1,0,351
1436114,112,13,1207,318.16,507.34,0,0,379
1161436,113,13,1207,353.14,507.34,0,0,175
1325489,114,13,1207,343.38,507.34,0,0,108
1355239,115,13,1207,342.44,508.34,0,0,107
1296721,116,13,1207,358.93,357.93,0,0,121
1382845,117,13,1207,384.15,384.15,0,0,109
1462826,118,13,1207,389,388,0,0,150
1456211,119,13,1207,389,390,0,0,13
1357532,120,13,1207,382.24,380.24,0,0,134
1113864,121,13,1207,321.1,382.24,1,0,229
1157891,122,13,1207,485.03,486.03,0,0,26
1382066,123,13,1207,514.13,513.13,0,0,81
1182976,124,13,1207,389,515.13,0,0,68
1033759,125,13,1207,387.09,514.13,0,0,162
1472251,126,13,1207,389,515.13,0,0,123
1158302,127,13,1207,381.27,514.13,0,0,121
1115583,128,13,1207,385.12,513.13,0,0,122
1154741,129,13,1207,338.59,514.13,1,0,285
1137385,130,13,1207,335.62,515.13,0,0,149
1238033,131,13,1207,335.65,334.65,0,0,337
1150348,132,13,1207,335.68,336.65,0,1,202
1395044,133,13,1207,385.09,386.09,0,0,203
1424284,134,13,1207,388,390,0,0,82
1083205,135,13,1207,382.18,384.18,0,0,177
1294448,136,13,1207,383.18,382.18,0,0,135
1066984,137,13,1207,378.33,378.33,0,0,121
1069038,138,13,1207,390,390,0,0,42
1189949,139,13,1207,386.12,384.12,0,0,28
1204520,140,13,1207,386.09,387.09,0,0,148
1074512,141,13,1207,388,388,0,0,122
1236277,142,13,1207,384.15,385.15,0,0,108
1168950,143,13,1207,384.15,384.15,0,0,107
1271600,144,13,1207,382.21,382.21,0,0,81
1192358,145,13,1207,388,388,0,0,41
1129923,1,13,1230,320.16,390,0,0,337
1248356,2,13,1230,323.01,389,0,0,338
1060162,3,13,1230,320.13,388,1,0,323
1477201,4,13,1230,324.98,389,0,0,270
1323643,5,13,1230,389,390,0,0,81
1049231,6,13,1230,383.18,384.18,0,0,82
1016148,7,13,1230,374.42,375.42,0,0,94
1277559,8,13,1230,390,388,0,0,53
1128447,9,13,1230,388,389,0,0,108
1378969,10,13,1230,382.21,381.21,0,0,81
1105848,11,13,1230,361.84,360.84,0,0,203
1496669,12,13,1230,390,389,0,0,121
1139394,13,13,1230,381.24,382.24,0,0,69
1151485,14,13,1230,323.98,382.24,1,0,202
1244943,15,13,1230,324.98,382.24,0,0,81
1249806,16,13,1230,319.13,382.24,0,0,298
1050238,17,13,1230,321.1,380.24,1,0,338
1346076,18,13,1230,323.04,381.24,1,1,284
1171764,19,13,1230,381.24,381.24,0,0,188
1110621,20,13,1230,366.72,366.72,0,0,242
1004261,21,13,1230,379.27,381.27,0,0,122
1282573,22,13,1230,377.33,377.33,0,0,81
1459066,23,13,1230,389,389,0,0,176
1420809,24,13,1230,383.21,383.21,0,0,69
1322417,25,13,1230,387.09,385.09,0,0,188
1160941,26,13,1230,389,390,0,0,94
1159216,27,13,1230,386.12,385.12,0,0,136
1287700,28,13,1230,387.09,385.09,0,0,177
1374667,29,13,1230,381.24,380.24,0,0,203
1063845,30,13,1230,389,390,0,0,175
1278634,31,13,1230,386.09,385.09,0,0,203
1063218,32,13,1230,388,388,0,0,136
1245930,33,13,1230,324.04,390,1,0,177
1181943,34,13,1230,339.53,388,0,0,243
1260377,35,13,1230,474.33,474.33,0,0,80
1385220,36,13,1230,452.05,452.05,0,0,136
1083938,37,13,1230,425.83,425.83,0,0,82
1212089,38,13,1230,460.81,459.81,0,0,26
1174324,39,13,1230,401.58,458.81,0,0,40
1323436,40,13,1230,474.33,475.33,0,0,82
1223039,41,13,1230,451.08,451.08,0,0,55
1059105,42,13,1230,362.81,452.08,0,0,40
1435660,43,13,1230,475.33,475.33,0,0,27
1080110,44,13,1230,460.81,459.81,0,0,15
1350241,45,13,1230,389.94,460.81,0,0,42
1282855,46,13,1230,449.14,449.14,0,0,121
1019040,47,13,1230,401.58,448.14,0,0,54
1182791,48,13,1230,457.9,456.9,0,0,108
1422312,49,13,1230,284.27,455.9,1,0,568
1110025,50,13,1230,282.33,457.9,0,0,460
1409668,51,13,1230,271.6,456.9,1,0,323
1300994,52,13,1230,289.09,457.9,1,0,406
1117191,53,13,1230,289.12,457.9,0,0,378
1236931,54,13,1230,285.24,455.9,0,0,149
1137320,55,13,1230,482.12,483.12,0,0,82
1151924,56,13,1230,471.48,470.48,0,0,121
1275425,57,13,1230,456.9,457.9,0,0,150
1282234,58,13,1230,461.75,462.75,0,0,176
1206641,59,13,1230,452.02,453.02,0,0,202
1171013,60,13,1230,466.63,464.63,0,0,96
1383302,61,13,1230,419.07,464.63,0,0,28
1063661,63,13,1230,424.86,424.86,0,0,55
1296881,64,13,1230,464.63,464.63,0,0,107
1405499,65,13,1230,351.2,464.63,0,1,271
1183078,66,13,1230,368.63,466.63,0,0,108
1368894,67,13,1230,373.51,466.63,0,1,324
1325716,68,13,1230,458.87,458.87,0,0,162
1059007,69,13,1230,455.96,454.96,0,0,123
1490060,70,13,1230,424.92,424.92,0,0,96
1201099,71,13,1230,453.99,454.99,0,0,107
1252806,72,13,1230,466.63,465.63,0,0,13
1376488,73,13,1230,457.87,457.87,0,0,175
1015371,74,13,1230,453.05,453.05,0,0,96
1083173,75,13,1230,433.59,433.59,0,0,42
1380665,76,13,1230,466.63,464.63,0,0,40
1286951,77,13,1230,451.05,452.05,0,0,95
1273377,78,13,1230,458.84,457.84,0,0,95
1424813,79,13,1230,367.63,459.84,0,0,15
1297264,80,13,1230,377.39,457.84,0,0,80
1055822,81,13,1230,379.33,459.84,0,0,175
1168752,82,13,1230,372.51,459.84,0,0,81
1041552,83,13,1230,389,458.84,0,0,28
1190118,84,13,1230,389,457.84,0,0,68
1269830,85,13,1230,362.84,361.84,0,0,134
1454230,86,13,1230,389,390,0,0,42
1078763,87,13,1230,379.3,380.3,0,0,80
1097399,88,13,1230,355.99,357.99,0,0,42
1242004,90,13,1230,390,388,0,0,13
1301955,92,13,1230,311.37,390,0,0,202
1332930,93,13,1230,303.67,389,0,0,149
1432717,94,13,1230,297.82,389,0,0,109
1278416,95,13,1230,387.03,388.03,0,0,107
1065065,96,13,1230,323.98,388.03,0,0,258
1150941,97,13,1230,318.19,388.03,0,0,203
1266334,98,13,1230,307.49,387.03,0,0,163
1338282,99,13,1230,318.22,388.03,0,0,122
1255561,100,13,1230,323.98,388.03,0,0,203
1401172,101,13,1230,323.07,388.03,1,0,337
1311858,102,13,1230,320.13,389.03,0,0,392
1103864,103,13,1230,339.5,340.5,0,0,163
1004758,104,13,1230,324.98,340.5,0,1,135
1232861,105,13,1230,316.28,315.28,0,0,231
1211009,106,13,1230,469.51,470.51,0,0,135
1077437,107,13,1230,489.91,489.91,0,0,26
1345246,108,13,1230,502.49,502.49,0,0,55
1394667,109,13,1230,514.13,515.13,0,0,54
1382664,110,13,1230,317.25,515.13,0,0,284
1428500,111,13,1230,310.43,515.13,1,0,270
1041052,112,13,1230,318.19,513.13,0,0,285
1037675,114,13,1230,338.53,515.13,0,0,109
1110429,115,13,1230,343.44,513.13,0,0,148
1098822,116,13,1230,353.08,514.13,0,0,107
1067501,117,13,1230,377.33,379.33,0,0,96
1181107,118,13,1230,374.42,376.42,0,0,96
1335309,119,13,1230,378.3,380.3,0,0,40
1108550,120,13,1230,388,389,0,0,94
1179293,121,13,1230,324.98,389,1,0,189
1414552,122,13,1230,464.63,466.63,0,0,82
1375073,123,13,1230,497.67,496.67,0,0,81
1167677,124,13,1230,373.48,495.67,0,0,123
1072902,125,13,1230,390,495.67,0,0,148
1335084,126,13,1230,389,495.67,0,0,148
1381849,127,13,1230,388,496.67,0,0,82
1029076,128,13,1230,389,497.67,0,0,149
1022630,129,13,1230,337.59,495.67,1,1,337
1317769,130,13,1230,340.53,497.67,0,0,177
1056826,131,13,1230,335.65,336.65,0,0,230
1145477,132,13,1230,336.59,335.65,0,1,216
1308187,133,13,1230,385.09,387.09,0,0,243
1283776,134,13,1230,390,388,0,0,202
1197563,135,13,1230,388,388,0,0,229
1451929,136,13,1230,381.24,381.24,0,0,161
1111011,137,13,1230,390,390,0,0,163
1372217,138,13,1230,389,389,0,0,42
1324720,139,13,1230,384.15,383.15,0,0,55
1203073,140,13,1230,387.09,387.09,0,0,271
1457691,141,13,1230,385.09,386.09,0,0,177
1260956,142,13,1230,382.21,382.21,0,0,215
1367366,143,13,1230,390,388,0,0,163
1354135,144,13,1230,409.4,409.4,0,0,163
1146880,145,13,1230,378.36,376.36,0,0,108
1068257,1,13,2322,321.1,382.24,0,0,528
1486717,2,13,2322,323.98,381.24,0,0,567
1258128,3,13,2322,309.49,380.24,1,0,499
1466602,4,13,2322,316.22,382.24,0,0,607
1252161,5,13,2322,332.71,380.24,0,0,501
1294090,6,13,2322,373.45,375.45,0,0,204
1119241,7,13,2322,388,388,0,0,243
1094405,8,13,2322,378.33,377.33,0,0,190
1122985,9,13,2322,387.06,387.06,0,0,297
1100290,10,13,2322,388.06,386.06,0,0,217
1381238,11,13,2322,380.24,381.24,0,0,310
1166714,12,13,2322,386.12,386.12,0,0,284
1280578,13,13,2322,384.15,385.15,0,0,297
1455630,14,13,2322,324.04,385.15,1,0,352
1043540,15,13,2322,306.52,383.15,0,0,283
1266390,16,13,2322,331.8,383.15,0,1,432
1210892,17,13,2322,322.04,383.15,1,1,473
1143005,18,13,2322,323.04,383.15,1,1,269
1154034,19,13,2322,378.3,378.3,0,0,377
1281591,20,13,2322,377.36,377.36,0,0,217
1084475,21,13,2322,361.84,360.84,0,0,202
1006481,22,13,2322,376.42,375.42,0,0,162
1471162,23,13,2322,388.06,387.06,0,0,217
1061248,24,13,2322,387.09,386.09,0,0,175
1407878,25,13,2322,380.24,382.24,0,0,203
1267287,26,13,2322,390.91,392.91,0,0,217
1402843,27,13,2322,381.27,379.27,0,0,257
1207021,28,13,2322,388,389,0,0,216
1346188,29,13,2322,387.09,386.09,0,0,420
1205418,30,13,2322,373.45,373.45,0,0,310
1220244,31,13,2322,381.27,381.27,0,0,257
1420946,32,13,2322,382.24,381.24,0,0,229
1431325,33,13,2322,334.65,382.24,1,0,379
1154171,34,13,2322,338.59,382.24,0,0,513
1140139,35,13,2322,475.33,475.33,0,0,216
1199226,36,13,2322,470.51,469.51,0,0,351
1416222,37,13,2322,436.53,437.53,0,0,54
1302139,38,13,2322,437.53,435.53,0,0,136
1460195,40,13,2322,416.13,468.57,0,0,67
1205016,41,13,2322,460.78,460.78,0,0,231
1256057,42,13,2322,449.17,447.17,0,0,217
1241499,43,13,2322,471.45,472.45,0,0,339
1184946,44,13,2322,461.75,460.75,0,0,230
1162614,45,13,2322,425.83,427.83,0,0,163
1115964,46,13,2322,404.49,405.49,0,0,177
1087902,47,13,2322,476.33,476.33,0,0,135
1212957,48,13,2322,429.74,428.74,0,0,284
1172543,49,13,2322,288.09,429.74,1,1,958
1044091,50,13,2322,283.24,429.74,0,1,662
1392684,51,13,2322,279.42,430.74,1,0,688
1319793,52,13,2322,280.33,430.74,1,0,717
1410938,53,13,2322,289.06,429.74,0,0,582
1193067,54,13,2322,289.09,428.74,0,0,485
1421437,55,13,2322,454.96,453.96,0,0,215
1073021,56,13,2322,464.69,463.69,0,0,163
1333691,57,13,2322,454.02,454.02,0,0,148
1080302,58,13,2322,443.32,443.32,0,0,230
1140593,59,13,2322,450.11,450.11,0,0,283
1153006,60,13,2322,461.75,460.75,0,0,150
1450495,61,13,2322,453.99,453.99,0,0,107
1020698,62,13,2322,454.99,453.99,0,0,40
1024953,63,13,2322,439.44,440.44,0,0,95
1427152,64,13,2322,408.43,406.43,0,0,67
1021860,65,13,2322,358.93,406.43,0,1,501
1480523,66,13,2322,353.08,407.43,0,0,216
1007091,67,13,2322,360.9,408.43,0,1,539
1046529,68,13,2322,460.75,460.75,0,0,175
1090923,69,13,2322,444.29,444.29,0,0,270
1257430,70,13,2322,450.08,450.08,0,0,216
1153672,71,13,2322,445.29,443.29,0,0,203
1349396,72,13,2322,451.05,452.05,0,0,229
1169099,73,13,2322,454.96,453.96,0,0,122
1453026,74,13,2322,460.75,461.75,0,0,176
1155785,75,13,2322,416.13,418.13,0,0,26
1477168,76,13,2322,445.26,445.26,0,0,95
1048787,77,13,2322,464.63,465.63,0,0,67
1084891,78,13,2322,447.23,447.23,0,0,67
1472048,79,13,2322,446.23,446.23,0,0,67
1074925,80,13,2322,380.3,446.23,0,0,285
1411342,81,13,2322,378.3,447.23,0,0,338
1290367,82,13,2322,387.09,446.23,0,0,419
1273885,83,13,2322,380.3,446.23,0,0,339
1184592,84,13,2322,385.09,445.23,0,0,202
1208877,85,13,2322,369.63,445.23,0,0,216
1191010,86,13,2322,367.69,367.69,0,0,203
1153166,87,13,2322,374.45,374.45,0,0,230
1388211,88,13,2322,376.36,378.36,0,0,244
1200079,89,13,2322,364.75,363.75,0,0,270
1288228,90,13,2322,349.23,349.23,0,0,271
1224873,91,13,2322,320.1,321.1,0,0,323
1289331,92,13,2322,308.46,309.46,0,0,339
1443792,93,13,2322,316.25,316.25,0,0,175
1358893,94,13,2322,314.31,314.31,0,0,231
1374748,95,13,2322,316.22,316.22,0,0,379
1400766,96,13,2322,322.07,322.07,0,0,501
1118609,97,13,2322,314.31,315.31,0,0,296
1452253,98,13,2322,320.16,318.16,0,0,242
1463575,99,13,2322,318.22,318.22,0,0,296
1458763,100,13,2322,324.98,324.98,0,0,188
1274789,101,13,2322,316.28,323.98,1,0,391
1170692,102,13,2322,320.1,322.1,0,0,271
1420071,103,13,2322,327.92,326.92,0,0,338
1166566,104,13,2322,318.16,319.16,0,0,81
1376463,105,13,2322,316.28,316.28,0,0,446
1101250,106,13,2322,488.94,488.94,0,0,148
1057828,107,13,2322,502.52,501.52,0,0,95
1365116,108,13,2322,489.88,489.88,0,0,108
1383761,109,13,2322,504.46,503.46,0,0,148
1491626,110,13,2322,315.31,504.46,0,0,446
1006649,111,13,2322,315.31,504.46,1,0,526
1396603,112,13,2322,321.13,502.46,0,1,823
1334381,113,13,2322,342.44,504.46,0,0,420
1117700,114,13,2322,348.26,504.46,0,0,243
1467663,115,13,2322,345.38,503.46,0,0,377
1289378,116,13,2322,356.05,502.46,0,0,177
1302457,117,13,2322,386.09,387.09,0,0,258
1363874,118,13,2322,389,389,0,0,419
1283206,119,13,2322,382.21,381.21,0,0,406
1120173,120,13,2322,388.06,387.06,0,0,350
1166768,121,13,2322,319.13,387.06,1,0,285
1132409,122,13,2322,493.76,492.76,0,0,67
1385739,123,13,2322,509.28,509.28,0,0,136
1337601,124,13,2322,383.18,508.28,0,0,189
1491477,125,13,2322,390,508.28,0,0,216
1027450,126,13,2322,386.09,509.28,0,0,350
1476522,127,13,2322,385.09,508.28,0,0,392
1481988,128,13,2322,388,509.28,0,0,231
1077988,129,13,2322,336.59,510.28,1,0,582
1139731,130,13,2322,335.68,510.28,0,0,364
1271789,131,13,2322,333.68,334.68,0,0,526
1362403,132,13,2322,336.62,335.62,0,0,472
1192698,133,13,2322,380.24,380.24,0,0,257
1410111,134,13,2322,389.03,389.03,0,0,432
1153298,135,13,2322,380.3,380.3,0,0,243
1090710,136,13,2322,383.15,383.15,0,0,379
1099919,137,13,2322,383.18,382.18,0,0,244
1453693,138,13,2322,385.15,385.15,0,0,81
1172470,139,13,2322,385.15,384.15,0,0,150
1406021,140,13,2322,381.27,379.27,0,0,312
1038014,141,13,2322,386.12,384.12,0,0,271
1092296,142,13,2322,388,390,0,0,189
1303415,143,13,2322,377.36,376.36,0,0,162
1115786,144,13,2322,385.12,386.12,0,0,204
1488857,145,13,2322,377.36,378.36,0,0,257
