files/13.csv
id,week,center_id,meal_id,checkout_price,base_price,emailer_for_promotion,homepage_featured,num_orders
1468787,1,13,1311,176.54,177.54,0,0,904
1241815,2,13,1311,172.66,172.66,0,0,1268
1206030,3,13,1311,176.6,176.6,0,0,1161
1004137,4,13,1311,153.32,174.6,0,0,1108
1194874,5,13,1311,157.17,175.6,0,0,1133
1134912,6,13,1311,183.39,181.39,0,0,783
1180707,7,13,1311,157.14,183.39,0,0,1014
1332693,8,13,1311,164.93,163.93,0,0,973
1313460,9,13,1311,158.14,159.14,0,0,1012
1009134,10,13,1311,161.05,161.05,0,0,809
1191175,11,13,1311,151.35,150.35,0,0,944
1294780,12,13,1311,158.14,158.14,0,0,852
1051034,13,13,1311,153.32,152.32,0,0,1027
1087784,14,13,1311,168.78,170.78,0,0,945
1343125,15,13,1311,156.2,155.2,0,0,1026
1252026,16,13,1311,176.57,177.57,0,0,1203
1197620,17,13,1311,161.99,162.99,0,0,987
1191849,18,13,1311,163.96,164.96,0,0,1295
1265620,19,13,1311,161.05,160.05,0,0,1160
1028727,20,13,1311,160.08,159.08,0,0,1295
1261127,21,13,1311,148.44,149.44,0,0,906
1220481,22,13,1311,171.72,170.72,0,0,1336
1361313,23,13,1311,173.63,174.63,0,0,1417
1024785,24,13,1311,165.87,165.87,0,0,1378
1363681,25,13,1311,173.63,173.63,0,0,1216
1117572,26,13,1311,156.2,175.63,0,0,1079
1333052,27,13,1311,194.03,193.03,0,0,891
1377586,28,13,1311,157.2,194.03,0,0,1106
1327210,29,13,1311,188.24,188.24,0,0,905
1198343,30,13,1311,155.2,187.24,0,0,971
1210316,31,13,1311,157.2,186.24,0,0,919
1100204,32,13,1311,157.14,187.24,0,0,825
1186191,33,13,1311,161.99,188.24,0,0,823
1375082,34,13,1311,163.99,186.24,0,0,877
1390067,35,13,1311,161.05,187.24,0,0,648
1139952,36,13,1311,195.97,196.97,0,0,905
1006138,37,13,1311,141.62,194.97,0,0,728
1384311,38,13,1311,170.78,196.97,0,0,690
1406337,39,13,1311,163.99,196.97,0,0,931
1071711,40,13,1311,152.32,194.97,0,0,892
1028125,41,13,1311,172.69,196.97,0,0,838
1405767,42,13,1311,146.5,194.97,0,0,890
1285071,43,13,1311,161.05,162.05,0,0,755
1323460,44,13,1311,186.24,188.24,0,0,905
1022127,45,13,1311,175.63,175.63,0,0,1189
1379408,46,13,1311,172.72,171.72,0,0,1133
1297605,47,13,1311,184.36,183.36,0,0,1135
1301797,48,13,1311,157.17,183.36,0,0,1160
1050642,49,13,1311,162.99,182.36,0,0,1620
1438297,50,13,1311,177.51,178.51,0,0,1214
1386362,51,13,1311,164.93,163.93,0,0,998
1323719,52,13,1311,179.45,181.45,0,0,1108
1300317,53,13,1311,186.24,187.24,0,0,904
1306812,54,13,1311,185.27,185.27,0,0,837
1469092,55,13,1311,181.45,181.45,0,0,1079
1103548,56,13,1311,173.66,174.66,0,0,824
1454690,57,13,1311,152.35,172.66,0,0,918
1352564,58,13,1311,158.14,159.14,0,0,931
1238541,59,13,1311,162.05,160.05,0,0,1026
1491818,60,13,1311,170.72,172.72,0,0,960
1024222,61,13,1311,170.72,171.72,0,0,933
1123317,62,13,1311,184.33,185.33,0,0,1012
1039834,63,13,1311,163.96,183.33,0,0,715
1237358,64,13,1311,142.59,184.33,0,0,782
1203105,65,13,1311,167.81,169.81,0,0,512
1419426,66,13,1311,157.17,158.17,0,0,717
1482318,67,13,1311,157.2,157.2,0,0,1025
1219479,68,13,1311,159.08,159.08,0,0,1108
1034036,69,13,1311,162.99,161.99,0,0,825
1304024,70,13,1311,168.78,170.78,0,0,971
1027468,71,13,1311,172.66,172.66,0,0,850
1011832,72,13,1311,141.65,173.66,0,0,796
1012522,73,13,1311,170.75,171.75,0,0,891
1072070,74,13,1311,183.33,183.33,0,0,958
1484092,75,13,1311,168.84,167.84,0,0,634
1451590,76,13,1311,145.5,168.84,0,0,756
1301658,77,13,1311,190.18,188.18,0,0,690
1052998,78,13,1311,177.51,177.51,0,0,701
1084575,79,13,1311,168.78,168.78,0,0,958
1345337,80,13,1311,161.05,162.05,0,0,662
1084550,81,13,1311,164.96,164.96,0,0,662
1473351,82,13,1311,160.05,161.05,0,0,433
1086409,83,13,1311,165.9,166.9,0,0,755
1234620,84,13,1311,162.05,161.05,0,0,809
1341699,85,13,1311,163.93,163.93,0,0,419
1088036,86,13,1311,145.5,165.93,0,0,770
1201848,87,13,1311,169.81,167.81,0,0,742
1287787,88,13,1311,173.66,173.66,0,0,798
1076780,89,13,1311,131.95,172.66,0,0,230
1072504,90,13,1311,162.99,161.99,0,0,744
1046827,91,13,1311,176.57,177.57,0,0,661
1359294,92,13,1311,152.32,177.57,0,0,771
1446523,93,13,1311,180.45,181.45,0,0,431
1136362,94,13,1311,152.29,179.45,0,0,852
1474595,95,13,1311,154.26,179.45,0,0,1093
1162564,96,13,1311,192.12,191.12,0,0,567
1312360,97,13,1311,177.51,179.51,0,0,364
1386990,98,13,1311,174.66,174.66,0,0,674
1047924,99,13,1311,180.45,180.45,0,0,431
1440769,100,13,1311,168.78,170.78,0,0,487
1243960,101,13,1311,169.75,171.75,0,0,823
1465550,102,13,1311,172.72,172.72,0,0,743
1214476,103,13,1311,153.26,170.72,0,0,674
1391726,104,13,1311,145.56,170.72,0,0,269
1045695,105,13,1311,193.09,191.09,0,0,609
1271132,106,13,1311,147.44,193.09,0,0,527
1392670,107,13,1311,152.29,191.09,0,0,594
1195416,108,13,1311,181.42,180.42,0,0,528
1063184,109,13,1311,169.81,169.81,0,0,513
1247708,110,13,1311,161.05,160.05,0,0,323
1432046,111,13,1311,151.35,152.35,0,0,229
1405436,112,13,1311,160.05,161.05,0,0,204
1132247,113,13,1311,146.47,147.47,0,0,500
1376609,114,13,1311,162.05,162.05,0,0,648
1352187,115,13,1311,162.05,161.05,0,0,674
1151516,116,13,1311,169.78,169.78,0,0,486
1429667,117,13,1311,176.57,176.57,0,0,539
1163159,118,13,1311,166.84,167.84,0,0,823
1232297,119,13,1311,177.51,179.51,0,0,568
1030832,120,13,1311,146.47,179.51,0,0,405
1204593,121,13,1311,182.39,181.39,0,0,729
1009714,122,13,1311,196.91,196.91,0,0,419
1166293,123,13,1311,176.57,198.91,0,0,757
1169803,124,13,1311,163.96,197.91,0,0,676
1382483,125,13,1311,172.66,198.91,0,0,770
1124998,126,13,1311,156.23,196.91,0,0,622
1223221,127,13,1311,188.18,188.18,0,0,485
1055188,128,13,1311,157.17,190.18,0,0,527
1144390,129,13,1311,159.14,190.18,0,0,392
1170194,130,13,1311,170.75,190.18,0,0,337
1204815,131,13,1311,155.2,189.18,0,0,473
1226306,132,13,1311,132.92,190.18,0,0,555
1339826,133,13,1311,169.75,189.18,0,0,541
1182247,134,13,1311,199.85,198.85,0,0,393
1305109,135,13,1311,178.51,198.85,0,0,568
1182010,136,13,1311,157.17,198.85,0,0,528
1431207,137,13,1311,182.36,184.36,0,0,527
1345440,138,13,1311,179.48,179.48,0,0,487
1397937,139,13,1311,177.54,177.54,0,0,622
1228723,140,13,1311,166.9,165.9,0,0,553
1118971,141,13,1311,201.79,202.79,0,0,431
1345971,142,13,1311,182.42,201.79,0,0,811
1207135,143,13,1311,155.23,201.79,0,0,445
1085490,144,13,1311,162.05,201.79,0,0,485
1128390,145,13,1311,150.38,200.79,0,0,460
1085541,1,13,1803,157.2,157.2,0,0,944
1490931,2,13,1803,162.05,162.05,0,0,757
1492350,3,13,1803,151.32,152.32,0,0,1025
1245258,4,13,1803,184.3,186.3,0,0,1214
1122215,5,13,1803,161.05,186.3,0,0,676
1023983,6,13,1803,163.99,185.3,0,0,770
1182445,7,13,1803,165.93,185.3,0,0,918
1128083,8,13,1803,178.54,177.54,0,0,878
1080423,9,13,1803,181.42,181.42,0,0,931
1100759,10,13,1803,160.05,180.42,0,0,593
1091825,11,13,1803,167.87,165.87,0,0,730
1371443,12,13,1803,175.63,175.63,0,0,473
1431523,13,13,1803,152.32,175.63,0,0,742
1107536,14,13,1803,157.17,156.17,0,0,636
1068355,15,13,1803,171.69,172.69,0,0,878
1422797,16,13,1803,165.9,164.9,0,0,811
1020505,17,13,1803,182.36,183.36,0,0,946
1272858,18,13,1803,147.47,184.36,0,0,946
1449127,19,13,1803,161.99,184.36,0,0,850
1070095,20,13,1803,162.99,184.36,0,0,933
1035718,21,13,1803,161.05,184.36,0,0,1054
1445469,22,13,1803,138.71,182.36,0,0,811
1173288,23,13,1803,146.53,184.36,0,0,1284
1062041,24,13,1803,174.63,173.63,0,0,945
1094968,25,13,1803,154.26,175.63,0,0,1014
1239326,26,13,1803,175.63,173.63,0,0,890
1124891,27,13,1803,152.35,175.63,0,0,906
1105205,28,13,1803,162.99,162.99,0,0,756
1325069,29,13,1803,155.2,156.2,0,0,919
1234329,30,13,1803,164.93,165.93,0,0,944
1069450,31,13,1803,174.6,175.6,0,0,717
1053543,32,13,1803,189.15,190.15,0,0,863
1259015,33,13,1803,169.75,190.15,0,0,837
1434339,34,13,1803,144.53,190.15,0,0,986
1085791,35,13,1803,171.69,172.69,0,0,553
1277508,36,13,1803,158.14,158.14,0,0,797
1341877,37,13,1803,175.57,176.57,0,0,688
1153647,38,13,1803,156.2,176.57,0,0,891
1001210,39,13,1803,168.78,168.78,0,0,973
1418455,40,13,1803,192.09,191.09,0,0,823
1009818,41,13,1803,164.93,193.09,0,0,904
1168073,42,13,1803,190.15,189.15,0,0,865
1163156,43,13,1803,167.87,189.15,0,0,701
1243260,44,13,1803,160.05,190.15,0,0,945
1313493,45,13,1803,158.17,190.15,0,0,1430
1231633,46,13,1803,173.63,175.63,0,0,1187
1030080,47,13,1803,154.26,175.63,0,0,1269
1242771,48,13,1803,169.81,167.81,0,0,1594
1161142,49,13,1803,176.6,174.6,0,0,1135
1420953,50,13,1803,173.63,175.63,0,0,1539
1479342,51,13,1803,178.48,179.48,0,0,1161
1415088,52,13,1803,170.72,172.72,0,0,986
1101050,53,13,1803,149.41,172.72,0,0,932
1081116,54,13,1803,173.63,174.63,0,0,892
1440265,55,13,1803,143.62,174.63,0,0,972
1131829,56,13,1803,151.32,173.63,0,0,809
1025906,57,13,1803,185.33,184.33,0,0,1013
1498220,58,13,1803,189.18,188.18,0,0,690
1145887,59,13,1803,150.38,190.18,0,0,811
1407781,60,13,1803,151.32,190.18,0,0,1257
1496878,61,13,1803,175.6,176.6,0,0,863
1194742,62,13,1803,165.9,166.9,0,0,1121
1407694,63,13,1803,153.26,155.26,0,0,728
1233586,64,13,1803,169.78,169.78,0,0,971
1313237,65,13,1803,162.96,162.96,0,0,663
1261166,66,13,1803,178.51,179.51,0,0,971
1443098,67,13,1803,170.72,171.72,0,0,959
1119052,68,13,1803,179.45,179.45,0,0,1108
1271371,69,13,1803,163.99,163.99,0,0,985
1414889,70,13,1803,169.75,171.75,0,0,863
1025129,71,13,1803,183.39,182.39,0,0,1066
1102905,72,13,1803,181.42,182.42,0,0,1027
1205626,73,13,1803,160.05,181.42,0,0,647
1239855,74,13,1803,152.29,181.42,0,0,931
1131946,75,13,1803,186.3,185.3,0,0,782
1388067,76,13,1803,139.71,184.3,0,0,837
1026223,77,13,1803,166.84,167.84,0,0,865
1170947,78,13,1803,162.05,162.05,0,0,892
1373751,79,13,1803,147.44,149.44,0,0,717
1011792,80,13,1803,182.36,183.36,0,0,648
1110825,81,13,1803,161.99,182.36,0,0,742
1464026,82,13,1803,160.05,184.36,0,0,620
1326347,83,13,1803,171.75,170.75,0,0,663
1140836,84,13,1803,192.09,191.09,0,0,1014
1108693,85,13,1803,169.75,192.09,0,0,661
1341937,86,13,1803,209.55,210.55,0,0,661
1328744,87,13,1803,144.59,208.55,0,0,756
1141559,88,13,1803,169.75,209.55,0,0,663
1364479,89,13,1803,161.05,209.55,0,0,919
1202413,90,13,1803,159.14,209.55,0,0,797
1195205,91,13,1803,169.78,209.55,0,0,715
1255104,92,13,1803,181.45,208.55,0,0,769
1314770,93,13,1803,150.38,151.38,0,0,663
1072310,94,13,1803,172.69,171.69,0,0,555
1038114,95,13,1803,165.93,164.93,0,0,1025
1248972,96,13,1803,153.32,153.32,0,0,770
1222509,97,13,1803,168.78,169.78,0,0,485
1135648,98,13,1803,145.5,170.78,0,0,595
1133107,99,13,1803,184.33,185.33,0,0,636
1113352,100,13,1803,174.6,176.6,0,0,568
1240778,101,13,1803,168.81,169.81,0,0,851
1020352,102,13,1803,186.3,184.3,0,0,674
1156517,103,13,1803,192.12,191.12,0,0,636
1174834,104,13,1803,202.73,204.73,0,0,298
1470641,105,13,1803,152.29,203.73,0,0,311
1084917,106,13,1803,176.57,202.73,0,0,541
1408727,107,13,1803,175.57,203.73,0,0,663
1123691,108,13,1803,165.93,204.73,0,0,541
1449041,109,13,1803,175.57,204.73,0,0,648
1471778,110,13,1803,149.44,202.73,0,0,526
1133777,111,13,1803,197.91,196.91,0,0,244
1229868,112,13,1803,197.91,198.91,0,0,109
1346001,113,13,1803,174.66,197.91,0,0,675
1002509,114,13,1803,176.6,197.91,0,0,567
1481231,115,13,1803,169.81,196.91,0,0,771
1407337,116,13,1803,167.87,198.91,0,0,701
1009589,117,13,1803,166.87,197.91,0,0,648
1031878,118,13,1803,169.75,170.75,0,0,593
1293376,119,13,1803,195.97,196.97,0,0,541
1109997,120,13,1803,179.48,178.48,0,0,485
1255811,121,13,1803,170.75,169.75,0,0,487
1384533,122,13,1803,163.99,162.99,0,0,622
1122881,123,13,1803,192.12,192.12,0,0,648
1339789,124,13,1803,170.75,192.12,0,0,675
1327575,125,13,1803,171.75,192.12,0,0,594
1142267,126,13,1803,192.12,192.12,0,0,647
1415033,127,13,1803,154.23,191.12,0,0,445
1013477,128,13,1803,164.9,191.12,0,0,554
1176607,129,13,1803,201.76,203.76,0,0,635
1402956,130,13,1803,152.35,201.76,0,0,366
1236532,131,13,1803,211.49,212.49,0,0,500
1421554,132,13,1803,212.43,214.43,0,0,581
1031152,133,13,1803,176.54,213.43,0,0,593
1158093,134,13,1803,184.36,213.43,0,0,703
1184843,135,13,1803,163.99,213.43,0,0,594
1139003,136,13,1803,190.15,214.43,0,0,459
1222007,137,13,1803,165.87,212.43,0,0,608
1127050,138,13,1803,199.85,199.85,0,0,458
1097052,139,13,1803,169.75,198.85,0,0,728
1495181,140,13,1803,159.08,198.85,0,0,432
1276846,141,13,1803,170.75,198.85,0,0,755
1138491,142,13,1803,162.02,200.85,0,0,567
1447334,143,13,1803,204.73,203.73,0,0,473
1259004,144,13,1803,173.63,204.73,0,0,581
1268650,145,13,1803,192.09,192.09,0,0,555
1287360,1,13,1438,243.5,272.63,0,0,109
1227510,2,13,1438,242.5,272.63,0,0,122
1499684,3,13,1438,242.5,270.63,0,0,135
1103398,4,13,1438,247.41,246.41,0,0,123
1269002,5,13,1438,242.5,243.5,0,0,54
1483840,6,13,1438,242.5,242.5,0,0,81
1150325,7,13,1438,243.5,244.5,0,0,136
1085949,8,13,1438,243.5,243.5,0,0,136
1194340,9,13,1438,272.63,272.63,0,0,28
1202870,10,13,1438,272.63,272.63,0,0,69
1279004,11,13,1438,270.63,271.63,0,0,26
1106777,12,13,1438,272.63,271.63,0,0,27
1193058,13,13,1438,244.5,270.63,0,0,40
1049012,14,13,1438,244.5,271.63,0,0,82
1145902,15,13,1438,244.5,270.63,0,0,68
1080056,16,13,1438,244.5,270.63,0,0,108
1295391,17,13,1438,244.5,272.63,0,0,80
1036540,18,13,1438,243.5,270.63,0,0,80
1498830,19,13,1438,246.41,246.41,0,0,123
1213694,20,13,1438,244.5,242.5,0,0,215
1140550,21,13,1438,244.5,244.5,0,0,162
1048883,22,13,1438,243.5,243.5,0,0,134
1027598,23,13,1438,243.5,244.5,0,0,109
1420209,25,13,1438,244.5,242.5,0,0,134
1164232,26,13,1438,242.5,242.5,0,0,149
1423209,27,13,1438,243.5,244.5,0,0,123
1288201,28,13,1438,242.5,243.5,0,0,121
1393090,29,13,1438,194,244.5,0,0,123
1047972,30,13,1438,194,243.5,0,0,122
1494828,31,13,1438,196,242.5,0,0,80
1422686,32,13,1438,195,243.5,0,0,135
1166928,33,13,1438,257.08,257.08,0,0,82
1430530,34,13,1438,256.08,256.08,0,0,122
1373332,35,13,1438,256.08,257.08,0,0,55
1091112,36,13,1438,256.08,257.08,0,0,94
1012648,37,13,1438,196,258.08,0,0,136
1334118,38,13,1438,194,256.08,0,0,190
1073020,39,13,1438,194,257.08,0,0,122
1052799,40,13,1438,194,257.08,0,0,216
1429510,41,13,1438,221.16,257.08,0,0,177
1061527,42,13,1438,219.28,257.08,0,1,271
1442719,43,13,1438,224.1,257.08,0,1,122
1074413,44,13,1438,219.28,258.08,0,1,325
1335234,45,13,1438,234.8,258.08,0,1,487
1099041,46,13,1438,234.8,258.08,0,1,325
1032698,47,13,1438,233.8,256.08,0,1,285
1278553,48,13,1438,232.8,258.08,0,1,364
1418906,49,13,1438,240.56,258.08,0,1,473
1068977,50,13,1438,240.56,258.08,0,1,404
1088405,51,13,1438,240.56,258.08,0,1,460
1325789,52,13,1438,240.56,258.08,0,1,297
1023273,53,13,1438,241.56,241.56,0,0,312
1488733,54,13,1438,240.56,242.56,0,1,271
1171475,55,13,1438,240.56,242.56,0,1,270
1390293,56,13,1438,241.56,241.56,0,1,149
1026964,57,13,1438,245.47,240.56,0,1,270
1229705,58,13,1438,245.47,241.56,0,1,203
1461905,59,13,1438,241.53,241.53,0,0,258
1044757,60,13,1438,243.5,242.53,0,1,297
1460602,61,13,1438,243.53,243.53,0,1,256
1109176,62,13,1438,243.53,243.53,0,1,420
1205075,63,13,1438,241.53,242.53,0,1,257
1063498,64,13,1438,242.53,243.53,0,1,284
1290987,65,13,1438,243.53,241.53,0,1,339
1293649,66,13,1438,242.53,241.53,0,0,285
1308657,67,13,1438,245.47,245.47,0,0,269
1257196,68,13,1438,243.53,245.47,0,1,175
1241708,69,13,1438,233.83,243.47,0,1,339
1276271,70,13,1438,234.8,232.8,0,0,323
1081362,71,13,1438,231.83,231.83,0,0,351
1365392,72,13,1438,233.83,232.83,0,0,188
1069825,73,13,1438,232.83,231.83,0,0,325
1444563,74,13,1438,233.83,232.83,0,0,258
1179377,75,13,1438,234.77,234.77,0,0,271
1255937,76,13,1438,236.71,235.71,0,0,242
1442192,77,13,1438,242.5,243.5,0,0,94
1274104,78,13,1438,234.74,236.74,0,0,202
1352226,79,13,1438,233.83,232.83,0,0,269
1287874,80,13,1438,233.83,232.83,0,0,215
1280564,81,13,1438,214.43,214.43,0,0,215
1280082,82,13,1438,214.43,213.43,0,0,284
1454759,83,13,1438,214.43,214.43,0,0,269
1015065,84,13,1438,213.43,214.43,0,0,176
1110833,85,13,1438,214.43,212.43,0,0,148
1162683,86,13,1438,213.43,214.43,0,0,107
1146104,87,13,1438,213.43,212.43,0,0,162
1103598,88,13,1438,214.43,214.43,0,0,162
1002700,89,13,1438,213.43,213.43,0,0,285
1240619,90,13,1438,219.28,218.28,0,0,177
1149296,91,13,1438,212.43,213.43,0,0,217
1120841,92,13,1438,217.34,216.34,0,0,310
1123112,93,13,1438,194,195,0,0,433
1014449,94,13,1438,194,196,0,0,405
1194571,95,13,1438,200.82,199.82,0,0,512
1027750,96,13,1438,195,196,0,0,378
1293888,97,13,1438,194,196,0,0,163
1369148,98,13,1438,194,196,0,0,229
1485916,99,13,1438,194,196,0,0,473
1429407,100,13,1438,195,194,0,0,418
1005315,101,13,1438,194,195,0,0,689
1474518,102,13,1438,194,194,0,0,647
1096533,103,13,1438,195,195,0,0,581
1073856,104,13,1438,196,195,0,0,377
1105074,105,13,1438,244.5,244.5,0,0,460
1019609,106,13,1438,242.5,242.5,0,0,202
1266416,107,13,1438,243.5,242.5,0,0,161
1383730,108,13,1438,243.5,243.5,0,0,94
1250187,109,13,1438,243.5,242.5,0,0,256
1372295,110,13,1438,242.5,243.5,0,0,121
1081730,111,13,1438,242.5,243.5,0,0,26
1230462,112,13,1438,244.5,242.5,0,0,54
1442781,113,13,1438,243.5,244.5,0,0,163
1377899,114,13,1438,244.5,244.5,0,0,161
1324943,115,13,1438,242.5,244.5,0,0,123
1071922,116,13,1438,242.5,242.5,0,0,108
1115379,117,13,1438,194,243.5,0,0,163
1401046,118,13,1438,196,243.5,0,0,96
1134890,119,13,1438,195,244.5,0,0,203
1115450,120,13,1438,195,242.5,0,0,297
1270521,121,13,1438,194,243.5,0,0,202
1327437,122,13,1438,194,243.5,0,0,269
1165305,123,13,1438,196,195,0,0,215
1107887,124,13,1438,194,196,0,0,229
1292977,125,13,1438,194,195,0,0,258
1422269,126,13,1438,194,196,0,0,243
1252603,127,13,1438,195,195,0,0,269
1472282,128,13,1438,195,194,0,0,352
1183902,129,13,1438,196,194,0,0,204
1210824,130,13,1438,196,194,0,0,176
1137789,131,13,1438,194,195,0,0,203
1001964,132,13,1438,196,194,0,0,215
1412833,133,13,1438,194,196,0,0,150
1361577,134,13,1438,194,196,0,0,257
1402855,135,13,1438,194,194,0,0,188
1235992,136,13,1438,194,196,0,0,149
1158935,137,13,1438,196,196,0,0,244
1037605,138,13,1438,195,196,0,0,161
1228966,139,13,1438,194,195,0,0,243
1021634,140,13,1438,196,194,0,0,135
1056273,141,13,1438,196,194,0,0,204
1181964,142,13,1438,196,194,0,0,203
1148447,143,13,1438,194,196,0,0,202
1332381,144,13,1438,194,195,0,0,175
1142918,145,13,1438,195,196,0,0,229
