files/13.csv
id,week,center_id,meal_id,checkout_price,base_price,emailer_for_promotion,homepage_featured,num_orders
1463148,1,13,2494,242.5,270.63,0,0,41
1450260,2,13,2494,244.5,271.63,0,0,94
1365893,3,13,2494,242.5,272.63,0,0,68
1193668,4,13,2494,244.5,270.63,0,0,123
1216615,5,13,2494,244.5,270.63,0,0,107
1478261,6,13,2494,243.5,270.63,0,0,95
1358729,7,13,2494,244.5,244.5,0,0,82
1450058,8,13,2494,243.5,243.5,0,0,121
1128458,9,13,2494,271.63,270.63,0,0,27
1092369,10,13,2494,272.63,270.63,0,0,96
1379588,11,13,2494,270.63,270.63,0,0,69
1385264,12,13,2494,272.63,271.63,0,0,95
1487877,13,13,2494,243.5,270.63,0,0,123
1324066,14,13,2494,242.5,271.63,0,0,80
1137507,15,13,2494,243.5,270.63,0,0,68
1244280,16,13,2494,242.5,272.63,0,0,96
1130705,17,13,2494,243.5,272.63,0,0,135
1010135,18,13,2494,243.5,270.63,0,0,67
1204265,19,13,2494,244.5,243.5,0,0,107
1102539,20,13,2494,244.5,242.5,0,0,108
1375113,21,13,2494,244.5,243.5,0,0,136
1090248,22,13,2494,243.5,244.5,0,0,95
1151486,23,13,2494,244.5,242.5,0,0,96
1442407,25,13,2494,244.5,244.5,0,0,136
1253164,26,13,2494,249.35,247.35,0,0,81
1034637,27,13,2494,244.5,244.5,0,0,40
1064064,28,13,2494,243.5,244.5,0,0,161
1415076,29,13,2494,195,244.5,0,0,95
1158612,30,13,2494,196,244.5,0,0,69
1067180,31,13,2494,194,242.5,0,0,136
1203161,32,13,2494,194,242.5,0,0,53
1499744,33,13,2494,257.08,257.08,0,0,82
1170845,34,13,2494,258.08,258.08,0,0,80
1081062,35,13,2494,257.08,256.08,0,0,69
1114876,36,13,2494,256.08,256.08,0,0,81
1184818,37,13,2494,196,257.08,0,0,96
1277401,38,13,2494,194,258.08,0,0,67
1349247,39,13,2494,195,257.08,0,0,122
1238269,40,13,2494,196,257.08,0,0,242
1334063,41,13,2494,217.28,258.08,0,0,150
1394899,42,13,2494,222.16,258.08,0,1,202
1128143,43,13,2494,219.28,258.08,0,1,215
1016548,44,13,2494,217.28,257.08,0,1,283
1020973,45,13,2494,233.8,256.08,0,1,177
1088120,46,13,2494,237.71,258.08,0,1,203
1172271,47,13,2494,232.8,257.08,0,1,243
1008775,48,13,2494,236.74,256.08,0,1,285
1347970,49,13,2494,240.56,258.08,0,1,215
1421193,50,13,2494,241.56,257.08,0,1,204
1422227,51,13,2494,243.5,256.08,0,1,204
1405780,52,13,2494,243.53,257.08,0,1,285
1110880,53,13,2494,240.56,240.56,0,0,202
1164159,54,13,2494,240.56,241.56,0,1,176
1197876,55,13,2494,241.56,240.56,0,1,244
1029447,56,13,2494,242.56,242.56,0,1,231
1114523,57,13,2494,241.53,240.56,0,1,176
1473962,58,13,2494,243.47,241.56,0,1,244
1431888,59,13,2494,244.47,245.47,0,0,270
1243414,60,13,2494,241.53,242.53,0,0,230
1158776,61,13,2494,243.53,242.53,0,1,258
1223205,62,13,2494,241.53,242.53,0,1,230
1325312,63,13,2494,241.53,241.53,0,1,177
1010350,64,13,2494,243.53,242.53,0,1,217
1023112,65,13,2494,241.53,242.53,0,1,204
1069962,66,13,2494,243.53,243.53,0,0,244
1018103,67,13,2494,242.53,242.53,0,0,134
1139877,68,13,2494,243.53,241.53,0,1,298
1260697,69,13,2494,231.83,242.53,0,1,352
1076507,70,13,2494,233.83,231.83,0,0,284
1263319,71,13,2494,231.83,232.83,0,0,269
1148638,72,13,2494,233.83,233.83,0,0,258
1124061,73,13,2494,232.83,231.83,0,0,149
1409391,74,13,2494,232.83,233.83,0,0,325
1488537,75,13,2494,232.83,233.83,0,0,216
1150667,76,13,2494,233.83,231.83,0,0,176
1291612,77,13,2494,232.83,232.83,0,0,161
1047716,78,13,2494,231.86,231.86,0,0,244
1030259,79,13,2494,232.83,231.83,0,0,296
1197263,80,13,2494,232.83,232.83,0,0,108
1246246,81,13,2494,213.43,214.43,0,0,175
1060250,82,13,2494,212.43,212.43,0,0,216
1467052,83,13,2494,213.43,212.43,0,0,202
1438668,84,13,2494,214.43,214.43,0,0,150
1247927,85,13,2494,213.43,214.43,0,0,202
1245404,86,13,2494,213.43,212.43,0,0,258
1092523,87,13,2494,213.43,213.43,0,0,175
1328224,88,13,2494,212.43,212.43,0,0,188
1039584,89,13,2494,212.43,214.43,0,0,339
1397063,90,13,2494,214.43,213.43,0,0,149
1012319,91,13,2494,213.43,214.43,0,0,229
1372142,92,13,2494,214.43,212.43,0,0,204
1050955,93,13,2494,194,195,0,0,351
1418377,94,13,2494,196,195,0,0,351
1056521,95,13,2494,196,195,0,0,243
1297115,96,13,2494,194,195,0,0,203
1083887,97,13,2494,195,194,0,0,231
1298121,98,13,2494,195,195,0,0,190
1408549,99,13,2494,194,194,0,0,244
1284331,100,13,2494,195,194,0,0,323
1494993,101,13,2494,196,196,0,0,337
1408648,102,13,2494,196,195,0,0,243
1074982,103,13,2494,194,194,0,0,123
1203179,104,13,2494,194,195,0,0,242
1491912,105,13,2494,243.5,243.5,0,0,175
1496818,106,13,2494,243.5,243.5,0,0,148
1232311,107,13,2494,243.5,243.5,0,0,81
1228413,108,13,2494,243.5,242.5,0,0,123
1305936,109,13,2494,244.5,244.5,0,0,161
1298449,110,13,2494,243.5,242.5,0,0,95
1385232,111,13,2494,243.5,244.5,0,0,54
1457675,112,13,2494,244.5,244.5,0,0,69
1368891,113,13,2494,243.5,242.5,0,0,123
1191682,114,13,2494,242.5,242.5,0,0,95
1434757,115,13,2494,243.5,244.5,0,0,162
1430831,116,13,2494,243.5,243.5,0,0,121
1471303,117,13,2494,195,243.5,0,0,67
1052562,118,13,2494,196,242.5,0,0,96
1250088,119,13,2494,195,242.5,0,0,135
1049001,120,13,2494,196,244.5,0,0,123
1180774,121,13,2494,194,244.5,0,0,122
1476411,122,13,2494,194,242.5,0,0,121
1441814,123,13,2494,196,196,0,0,149
1046599,124,13,2494,195,195,0,0,148
1164068,125,13,2494,194,195,0,0,123
1036585,126,13,2494,194,196,0,0,177
1051150,127,13,2494,196,194,0,0,94
1325860,128,13,2494,194,194,0,0,123
1044458,129,13,2494,194,196,0,0,176
1295730,130,13,2494,194,194,0,0,217
1330259,131,13,2494,195,195,0,0,161
1252495,132,13,2494,196,196,0,0,202
1421580,133,13,2494,194,195,0,0,123
1050418,134,13,2494,194,194,0,0,189
1353051,135,13,2494,194,196,0,0,148
1377369,136,13,2494,195,195,0,0,148
1345229,137,13,2494,196,195,0,0,269
1163936,138,13,2494,195,195,0,0,202
1285064,139,13,2494,196,195,0,0,257
1486053,140,13,2494,196,195,0,0,176
1415219,141,13,2494,196,195,0,0,243
1081199,142,13,2494,195,194,0,0,217
1171916,143,13,2494,194,196,0,0,216
1033567,144,13,2494,196,196,0,0,177
1342309,145,13,2494,195,194,0,0,230
1271764,1,13,1847,243.5,271.63,0,0,54
1371528,2,13,1847,243.5,272.63,0,0,26
1242204,3,13,1847,242.5,272.63,0,0,41
1417623,4,13,1847,243.5,272.63,0,0,81
1182404,5,13,1847,242.5,270.63,0,0,40
1356491,6,13,1847,244.5,271.63,0,0,42
1072065,8,13,1847,243.5,243.5,0,0,41
1307448,9,13,1847,272.63,271.63,0,0,123
1440123,10,13,1847,271.63,272.63,0,0,26
1402453,12,13,1847,272.63,271.63,0,0,13
1107204,13,13,1847,244.5,272.63,0,0,28
1286616,14,13,1847,244.5,270.63,0,0,14
1191967,15,13,1847,243.5,270.63,0,0,67
1480852,16,13,1847,243.5,272.63,0,0,80
1370585,17,13,1847,242.5,271.63,0,0,69
1220251,18,13,1847,243.5,271.63,0,0,80
1244360,19,13,1847,244.5,242.5,0,0,150
1424903,20,13,1847,244.5,244.5,0,0,96
1038263,21,13,1847,243.5,244.5,0,0,82
1406308,22,13,1847,244.5,243.5,0,0,27
1400593,23,13,1847,244.5,242.5,0,0,41
1376986,24,13,1847,242.5,244.5,0,0,42
1261730,25,13,1847,243.5,243.5,0,0,122
1047747,26,13,1847,242.5,242.5,0,0,175
1073565,27,13,1847,244.5,243.5,0,0,67
1101402,28,13,1847,243.5,242.5,0,0,68
1158867,29,13,1847,195,243.5,0,0,54
1492770,30,13,1847,196,244.5,0,0,53
1333142,31,13,1847,194,242.5,0,0,68
1281550,32,13,1847,194,244.5,0,0,82
1450003,33,13,1847,256.08,257.08,0,0,67
1114368,34,13,1847,257.08,258.08,0,0,55
1166305,35,13,1847,258.08,256.08,0,0,95
1203844,36,13,1847,257.08,256.08,0,0,41
1421738,37,13,1847,196,256.08,0,0,80
1184076,38,13,1847,195,256.08,0,0,163
1033355,39,13,1847,194,257.08,0,0,175
1377856,40,13,1847,200.79,258.08,0,0,161
1076105,41,13,1847,218.28,258.08,0,0,135
1424684,42,13,1847,217.28,256.08,0,1,216
1072066,43,13,1847,218.28,257.08,0,1,136
1124044,44,13,1847,217.28,258.08,0,1,229
1295092,45,13,1847,236.74,256.08,0,1,257
1010536,46,13,1847,235.71,257.08,0,1,379
1257665,47,13,1847,234.8,258.08,0,1,312
1166989,48,13,1847,233.8,257.08,0,1,350
1131396,49,13,1847,240.56,257.08,0,1,377
1207771,50,13,1847,241.56,258.08,0,1,419
1164176,51,13,1847,241.56,241.56,0,0,325
1307831,52,13,1847,241.56,241.56,0,1,310
1348730,53,13,1847,240.56,241.56,0,0,269
1440446,54,13,1847,240.56,240.56,0,0,269
1018803,55,13,1847,240.56,241.56,0,1,215
1107074,56,13,1847,243.5,242.56,0,1,175
1055122,57,13,1847,242.53,240.56,0,1,284
1412870,58,13,1847,241.53,241.56,0,1,269
1247227,59,13,1847,243.53,243.53,0,0,177
1204402,60,13,1847,243.53,243.53,0,1,243
1287711,61,13,1847,242.53,241.53,0,1,229
1142642,62,13,1847,243.53,241.53,0,1,312
1226138,63,13,1847,243.47,242.53,0,1,231
1159252,64,13,1847,243.53,243.53,0,1,231
1153065,65,13,1847,241.53,241.53,0,1,189
1347376,66,13,1847,243.53,241.53,0,0,204
1123067,67,13,1847,241.53,242.53,0,0,190
1354040,68,13,1847,242.53,241.53,0,1,379
1467801,69,13,1847,233.83,243.53,0,1,283
1143106,70,13,1847,231.83,231.83,0,0,177
1081072,71,13,1847,233.83,232.83,0,0,283
1489362,72,13,1847,231.83,231.83,0,0,352
1334304,73,13,1847,232.83,233.83,0,0,258
1272474,74,13,1847,231.83,231.83,0,0,204
1301461,75,13,1847,231.83,232.83,0,0,257
1062982,76,13,1847,232.83,232.83,0,0,54
1115343,77,13,1847,231.83,232.83,0,0,149
1078182,78,13,1847,230.86,230.86,0,0,216
1107728,79,13,1847,231.83,232.83,0,0,216
1053787,80,13,1847,231.83,233.83,0,0,107
1220404,81,13,1847,214.43,214.43,0,0,202
1368011,82,13,1847,213.43,214.43,0,0,136
1112326,83,13,1847,212.43,214.43,0,0,216
1142745,84,13,1847,214.43,213.43,0,0,135
1369155,85,13,1847,212.43,213.43,0,0,67
1471584,86,13,1847,214.43,212.43,0,0,107
1408313,87,13,1847,214.43,213.43,0,0,94
1069035,88,13,1847,213.43,213.43,0,0,162
1038804,89,13,1847,212.43,213.43,0,0,94
1089622,90,13,1847,212.43,212.43,0,0,215
1312530,91,13,1847,212.43,213.43,0,0,148
1224695,92,13,1847,218.31,217.31,0,0,189
1057504,93,13,1847,195,217.31,0,0,215
1321522,94,13,1847,195,216.31,0,0,378
1044029,95,13,1847,194,217.31,0,0,283
1416165,96,13,1847,194,217.31,0,0,242
1176967,97,13,1847,194,218.31,0,0,161
1154064,98,13,1847,194,218.31,0,0,189
1202592,99,13,1847,195,194,0,0,258
1426953,100,13,1847,199.85,200.85,0,0,203
1416332,101,13,1847,196,195,0,0,446
1436839,102,13,1847,196,194,0,0,203
1160280,103,13,1847,194,195,0,0,258
1358083,104,13,1847,194,196,0,0,217
1229613,105,13,1847,242.5,244.5,0,0,188
1177367,106,13,1847,244.5,242.5,0,0,242
1284558,107,13,1847,242.5,242.5,0,0,67
1223422,108,13,1847,243.5,244.5,0,0,95
1256056,109,13,1847,243.5,244.5,0,0,134
1097783,110,13,1847,243.5,242.5,0,0,53
1498246,111,13,1847,243.5,242.5,0,0,26
1493155,112,13,1847,243.5,244.5,0,0,15
1413898,113,13,1847,246.38,248.38,0,0,109
1319954,114,13,1847,244.5,244.5,0,0,121
1309223,115,13,1847,242.5,242.5,0,0,189
1063460,116,13,1847,244.5,242.5,0,0,122
1499334,117,13,1847,196,242.5,0,0,96
1014582,118,13,1847,194,242.5,0,0,175
1271273,119,13,1847,195,242.5,0,0,121
1025423,120,13,1847,195,242.5,0,0,175
1120217,121,13,1847,195,242.5,0,0,149
1170548,122,13,1847,194,244.5,0,0,204
1437047,123,13,1847,196,194,0,0,121
1021855,124,13,1847,194,196,0,0,135
1100257,125,13,1847,194,195,0,0,243
1033003,126,13,1847,196,196,0,0,148
1467526,127,13,1847,196,195,0,0,202
1112741,128,13,1847,196,195,0,0,177
1101082,129,13,1847,196,195,0,0,150
1231847,130,13,1847,194,194,0,0,136
1057810,131,13,1847,194,196,0,0,188
1295226,132,13,1847,196,194,0,0,81
1422160,133,13,1847,196,194,0,0,242
1380880,134,13,1847,196,194,0,0,162
1482597,135,13,1847,195,196,0,0,148
1428129,136,13,1847,194,194,0,0,109
1375176,137,13,1847,194,194,0,0,109
1092761,138,13,1847,195,194,0,0,175
1340616,139,13,1847,194,195,0,0,204
1464282,140,13,1847,196,195,0,0,244
1448286,141,13,1847,195,196,0,0,231
1025419,142,13,1847,196,194,0,0,175
1081936,143,13,1847,196,194,0,0,190
1147615,144,13,1847,194,194,0,0,216
1173152,145,13,1847,194,194,0,0,148
1200846,1,13,1558,587.82,612.13,1,0,283
1403036,2,13,1558,582.03,611.13,1,1,188
1271077,3,13,1558,604.34,604.34,0,0,122
1154479,4,13,1558,607.28,606.28,0,0,312
1289375,5,13,1558,612.13,611.13,0,0,53
1177051,6,13,1558,612.13,611.13,0,0,149
1012103,7,13,1558,621.8,622.8,0,0,149
1215013,8,13,1558,610.13,610.13,0,0,40
1147914,9,13,1558,581.03,582.03,0,0,148
1143742,10,13,1558,583.03,582.03,0,0,134
1064534,11,13,1558,582.03,582.03,0,0,67
1264376,12,13,1558,532.53,582.03,1,0,67
1144112,13,13,1558,558.78,583.03,1,0,215
1364405,14,13,1558,611.13,612.13,0,0,82
1013814,15,13,1558,612.13,612.13,0,0,134
1147206,16,13,1558,610.13,611.13,0,0,150
1287415,17,13,1558,612.13,612.13,0,0,122
1411475,18,13,1558,610.13,612.13,0,0,95
1254340,19,13,1558,610.13,611.13,0,0,94
1387759,20,13,1558,514.13,612.13,1,0,96
1290018,21,13,1558,527.71,612.13,1,0,215
1314545,22,13,1558,612.13,610.13,0,0,122
1328070,23,13,1558,610.13,612.13,0,0,82
1398309,24,13,1558,611.13,611.13,0,0,123
1046552,25,13,1558,612.13,612.13,0,0,81
1356069,26,13,1558,484.03,612.13,1,0,352
1287171,27,13,1558,484.03,610.13,1,0,190
1158470,28,13,1558,691.61,692.61,0,0,96
1451113,29,13,1558,727.53,727.53,0,0,69
1079541,30,13,1558,728.53,727.53,0,0,40
1406144,31,13,1558,727.53,726.53,0,0,149
1350938,32,13,1558,726.53,727.53,0,0,69
1298739,33,13,1558,715.86,717.86,0,0,94
1192199,34,13,1558,728.53,726.53,0,0,122
1398726,35,13,1558,680.03,678.03,0,0,68
1074215,36,13,1558,678.03,678.03,0,0,203
1213279,37,13,1558,434.59,679.03,1,1,1013
1465962,38,13,1558,434.59,678.03,1,0,554
1236489,39,13,1558,433.59,678.03,0,1,662
1445739,40,13,1558,435.59,678.03,0,0,460
1380870,41,13,1558,680.03,678.03,0,0,108
1442441,42,13,1558,678.03,680.03,0,0,202
1477385,43,13,1558,679.03,679.03,0,0,189
1044830,44,13,1558,680.03,680.03,0,0,82
1305370,45,13,1558,485.03,679.03,1,1,634
1353928,46,13,1558,484.03,679.03,0,0,447
1402593,47,13,1558,455.96,678.03,0,0,433
1498869,48,13,1558,680.03,680.03,0,0,217
1246566,49,13,1558,679.03,678.03,0,1,231
1343683,50,13,1558,680.03,680.03,0,0,149
1428327,51,13,1558,680.03,678.03,0,0,69
1401021,52,13,1558,680.03,678.03,0,0,229
1029800,53,13,1558,679.03,679.03,0,0,231
1246880,54,13,1558,679.03,680.03,0,0,189
1259295,55,13,1558,485.03,679.03,1,0,419
1028674,56,13,1558,680.03,678.03,0,0,54
1067757,57,13,1558,680.03,678.03,0,0,257
1321836,58,13,1558,679.03,678.03,0,0,135
1017119,59,13,1558,680.03,679.03,0,0,108
1405905,60,13,1558,679.03,680.03,0,0,123
1106095,61,13,1558,433.59,680.03,1,0,621
1179575,62,13,1558,433.59,678.03,1,1,215
1263445,63,13,1558,435.59,678.03,1,1,1093
1063697,64,13,1558,439.47,679.03,1,1,944
1346784,65,13,1558,680.03,680.03,0,0,134
1382725,66,13,1558,679.03,680.03,0,0,107
1184748,67,13,1558,679.03,678.03,0,0,94
1076278,68,13,1558,678.03,680.03,0,0,121
1282985,69,13,1558,678.03,680.03,0,0,27
1294545,70,13,1558,679.03,679.03,0,0,136
1076084,71,13,1558,680.03,678.03,0,0,68
1037817,72,13,1558,679.03,678.03,0,0,67
1261026,73,13,1558,678.03,679.03,0,0,136
1160075,74,13,1558,680.03,678.03,0,0,135
1238297,75,13,1558,486.03,679.03,1,0,418
1396151,76,13,1558,489.85,680.03,1,1,458
1139282,77,13,1558,678.03,680.03,0,0,121
1296462,78,13,1558,680.03,678.03,0,0,136
1155498,79,13,1558,481.15,680.03,1,0,337
1281310,80,13,1558,680.03,680.03,0,0,108
1181211,81,13,1558,678.03,680.03,0,0,95
1352702,82,13,1558,678.03,678.03,0,0,108
1092568,83,13,1558,679.03,680.03,0,0,123
1140528,84,13,1558,489.91,680.03,1,1,716
1111079,85,13,1558,486.03,679.03,1,0,405
1160201,86,13,1558,486.03,678.03,0,0,163
1208968,87,13,1558,484.03,678.03,0,0,365
1033128,88,13,1558,486.03,679.03,0,0,203
1146993,89,13,1558,463.69,680.03,1,0,364
1347121,90,13,1558,498.61,680.03,0,0,122
1168338,91,13,1558,485.03,679.03,0,0,202
1068829,92,13,1558,440.38,679.03,1,1,744
1081822,93,13,1558,435.53,679.03,1,0,501
1162016,94,13,1558,679.03,678.03,0,0,108
1289461,95,13,1558,679.03,680.03,0,0,68
1306708,96,13,1558,680.03,679.03,0,0,28
1165035,97,13,1558,680.03,678.03,0,0,162
1027558,98,13,1558,533.5,679.03,1,0,135
1317404,99,13,1558,533.5,678.03,1,0,134
1160052,100,13,1558,680.03,679.03,0,0,136
1167318,101,13,1558,679.03,679.03,0,0,161
1040526,102,13,1558,680.03,678.03,0,0,123
1248429,103,13,1558,679.03,678.03,0,0,13
1086290,104,13,1558,679.03,680.03,0,0,162
1244602,105,13,1558,680.03,679.03,0,0,82
1467071,106,13,1558,679.03,678.03,0,0,55
1029014,107,13,1558,679.03,680.03,0,0,69
1071744,108,13,1558,486.03,678.03,0,0,648
1077631,109,13,1558,486.03,680.03,1,1,879
1474511,110,13,1558,680.03,679.03,0,0,136
1028010,111,13,1558,696.49,696.49,0,0,109
1144433,112,13,1558,697.43,698.43,0,0,176
1058076,113,13,1558,464.69,699.43,1,1,486
1326081,114,13,1558,472.42,698.43,1,1,703
1249763,115,13,1558,463.69,697.43,1,1,323
1325747,116,13,1558,464.69,698.43,1,1,350
1181539,117,13,1558,698.43,697.43,0,1,80
1164269,118,13,1558,699.43,697.43,0,0,26
1305631,119,13,1558,697.43,697.43,0,0,54
1001384,120,13,1558,697.43,698.43,0,0,41
1234710,121,13,1558,485,697.43,1,1,528
1301953,122,13,1558,647.05,645.05,0,0,108
1458449,123,13,1558,670.33,670.33,0,0,81
1452461,124,13,1558,639.23,639.23,0,0,108
1315393,125,13,1558,641.23,641.23,0,0,28
1164719,126,13,1558,571.33,641.23,1,1,188
1419250,127,13,1558,560.69,639.23,1,1,189
1447881,128,13,1558,631.5,631.5,0,0,122
1193865,129,13,1558,639.23,639.23,0,0,81
1277676,130,13,1558,485.03,641.23,1,1,460
1464163,131,13,1558,492.79,641.23,1,1,555
1094112,132,13,1558,641.23,641.23,0,0,121
1464569,133,13,1558,639.23,640.23,0,0,42
1434422,134,13,1558,549.08,639.23,0,0,149
1131717,135,13,1558,549.08,639.23,1,1,298
1459531,136,13,1558,548.08,639.23,1,1,189
1268205,137,13,1558,547.08,640.23,0,0,135
1441967,138,13,1558,547.08,641.23,0,0,148
1183587,139,13,1558,547.08,641.23,0,0,136
1416253,140,13,1558,547.08,639.23,0,0,177
1186769,141,13,1558,460.81,640.23,1,1,769
1338335,142,13,1558,456.9,641.23,1,0,554
1056164,143,13,1558,547.08,549.08,0,0,271
1127246,144,13,1558,548.08,548.08,0,0,230
1358461,145,13,1558,564.6,563.6,0,0,204
